tests:
  - query: "select host, inactive from mem where time >=30000000000 AND time < 50000000000"
    result: |
      name,tags,time,host,inactive
      mem,,30000000000,gianarb,3460194304
      mem,,40000000000,gianarb,3454791680

dataset: |
  mem,host=gianarb page_tables=39534592i,vmalloc_chunk=0i,write_back_tmp=0i,dirty=884736i,high_total=0i,available=11992494080i,used=3284553728i,active=7172775936i,huge_pages_free=0i,swap_total=8589930496i,vmalloc_used=38604800i,free=4928421888i,commit_limit=16853958656i,committed_as=12584218624i,mapped=939278336i,vmalloc_total=35184372087808i,write_back=0i,buffered=989163520i,wired=0i,low_free=0i,huge_page_size=2097152i,swap_cached=120016896i,swap_free=8445227008i,inactive=3461185536i,slab=542363648i,high_free=0i,shared=903233536i,sreclaimable=449650688i,total=16528056320i,cached=7325917184i,available_percent=72.55840522208482,sunreclaim=92712960i,used_percent=19.87259520664557,huge_pages_total=0i,low_total=0i 0
  mem,host=gianarb slab=542392320i,shared=931356672i,vmalloc_used=38506496i,sunreclaim=92692480i,write_back=0i,total=16528056320i,commit_limit=16853958656i,huge_pages_free=0i,vmalloc_chunk=0i,active=7159382016i,huge_page_size=2097152i,swap_total=8589930496i,used=3266457600i,buffered=989843456i,wired=0i,high_free=0i,page_tables=38965248i,swap_cached=120016896i,write_back_tmp=0i,inactive=3454332928i,used_percent=19.7631078740177,committed_as=12570415104i,dirty=339968i,high_total=0i,huge_pages_total=0i,sreclaimable=449699840i,vmalloc_total=35184372087808i,free=4914728960i,cached=7357026304i,available_percent=72.49944859820032,low_free=0i,low_total=0i,swap_free=8445227008i,available=11982749696i,mapped=938016768i 20000000000
  cpu,cpu=cpu-total,host=gianarb usage_user=6.102117061021656,usage_system=2.938978829389874,usage_nice=0,usage_irq=1.0709838107097638,usage_guest=0,usage_idle=89.41469489414925,usage_iowait=0.024906600249037934,usage_softirq=0.4483188044832491,usage_steal=0,usage_guest_nice=0 30000000000
  cpu,cpu=cpu3,host=gianarb usage_user=5.711422845699912,usage_nice=0,usage_iowait=0,usage_irq=1.302605210421328,usage_steal=0,usage_guest=0,usage_guest_nice=0,usage_system=2.905811623247315,usage_idle=89.67935871744233,usage_softirq=0.4008016032064967 30000000000
  cpu,cpu=cpu2,host=gianarb usage_user=5.982053838488868,usage_idle=89.73080757727861,usage_irq=0.8973080757725367,usage_softirq=0.4985044865405501,usage_steal=0,usage_guest=0,usage_system=2.8913260219364374,usage_nice=0,usage_iowait=0,usage_guest_nice=0 30000000000
  cpu,cpu=cpu1,host=gianarb usage_iowait=0,usage_irq=1.0912698412698993,usage_softirq=0.4960317460319519,usage_guest_nice=0,usage_steal=0,usage_guest=0,usage_user=6.051587301585189,usage_system=3.075396825396861,usage_idle=89.28571428573105,usage_nice=0 30000000000
  cpu,cpu=cpu0,host=gianarb usage_user=6.560636182902656,usage_system=2.9821073558650495,usage_idle=88.86679920477891,usage_irq=1.0934393638174862,usage_steal=0,usage_nice=0,usage_iowait=0,usage_softirq=0.4970178926437982,usage_guest=0,usage_guest_nice=0 30000000000
  mem,host=gianarb used=3279171584i,wired=0i,committed_as=12718530560i,huge_pages_total=0i,active=7167565824i,swap_total=8589930496i,vmalloc_total=35184372087808i,available=11979239424i,cached=7348174848i,buffered=989859840i,commit_limit=16853958656i,low_free=0i,vmalloc_used=38834176i,total=16528056320i,inactive=3460194304i,available_percent=72.47821033562403,high_free=0i,huge_pages_free=0i,slab=542396416i,dirty=487424i,page_tables=39669760i,swap_free=8445227008i,vmalloc_chunk=0i,write_back=0i,free=4910850048i,huge_page_size=2097152i,low_total=0i,sunreclaim=92696576i,write_back_tmp=0i,used_percent=19.84003152283547,high_total=0i,mapped=938799104i,shared=922521600i,sreclaimable=449699840i,swap_cached=120016896i 30000000000
  cpu,cpu=cpu-total,host=gianarb usage_guest_nice=0,usage_user=5.682102628286863,usage_idle=89.88735919901404,usage_nice=0,usage_iowait=0.10012515644554432,usage_guest=0,usage_system=2.828535669587463,usage_irq=1.076345431789406,usage_softirq=0.4255319148935456,usage_steal=0 40000000000
  cpu,cpu=cpu3,host=gianarb usage_user=5.599999999992869,usage_steal=0,usage_guest_nice=0,usage_softirq=0.4999999999999318,usage_guest=0,usage_system=2.9999999999984537,usage_idle=89.39999999999075,usage_nice=0,usage_iowait=0.19999999999995852,usage_irq=1.2999999999994816 40000000000
  cpu,cpu=cpu2,host=gianarb usage_guest=0,usage_guest_nice=0,usage_user=5.682951146558077,usage_system=2.8913260219341703,usage_iowait=0.09970089730813834,usage_irq=0.8973080757728201,usage_softirq=0.39880358923227005,usage_idle=90.02991026919126,usage_nice=0,usage_steal=0 40000000000
  mem,host=gianarb free=4954177536i,huge_pages_total=0i,sreclaimable=449699840i,committed_as=12572475392i,dirty=532480i,swap_total=8589930496i,inactive=3454791680i,wired=0i,commit_limit=16853958656i,used_percent=19.788658222577983,vmalloc_chunk=0i,vmalloc_total=35184372087808i,used=3270680576i,cached=7313321984i,slab=542412800i,sunreclaim=92712960i,available=12022804480i,buffered=989876224i,active=7161057280i,huge_pages_free=0i,mapped=933064704i,available_percent=72.741792786921,high_total=0i,huge_page_size=2097152i,page_tables=38985728i,shared=887447552i,vmalloc_used=38621184i,write_back=0i,write_back_tmp=0i,total=16528056320i,high_free=0i,low_free=0i,low_total=0i,swap_cached=120016896i,swap_free=8445227008i 40000000000
  cpu,cpu=cpu1,host=gianarb usage_user=5.923694779116283,usage_system=2.6104417670674573,usage_idle=90.0602409638421,usage_nice=0,usage_steal=0,usage_guest_nice=0,usage_iowait=0.10040160642565496,usage_irq=0.9036144578311087,usage_softirq=0.40160642570261984,usage_guest=0 40000000000
  cpu,cpu=cpu0,host=gianarb usage_user=5.432595573437017,usage_system=2.816901408448739,usage_idle=90.34205231386129,usage_nice=0,usage_softirq=0.4024144869220654,usage_iowait=0,usage_irq=1.006036217302304,usage_steal=0,usage_guest=0,usage_guest_nice=0 40000000000
  mem,host=gianarb free=4952854528i,cached=7313227776i,low_free=0i,low_total=0i,swap_free=8445227008i,write_back=0i,total=16528056320i,slab=542396416i,commit_limit=16853958656i,huge_page_size=2097152i,used=3272081408i,available_percent=72.7339120780537,vmalloc_used=38621184i,used_percent=19.797133701925816,committed_as=12559798272i,sunreclaim=92696576i,vmalloc_chunk=0i,sreclaimable=449699840i,swap_cached=120016896i,inactive=3454795776i,wired=0i,high_free=0i,huge_pages_free=0i,mapped=933007360i,vmalloc_total=35184372087808i,dirty=614400i,huge_pages_total=0i,page_tables=39014400i,shared=887349248i,swap_total=8589930496i,write_back_tmp=0i,available=12021501952i,buffered=989892608i,active=7161757696i,high_total=0i 50000000000
  cpu,cpu=cpu-total,host=gianarb usage_softirq=0.40251572327036017,usage_guest_nice=0,usage_iowait=0.0754716981132104,usage_system=2.088050314465226,usage_idle=91.19496855345912,usage_nice=0,usage_irq=1.0062893081763293,usage_steal=0,usage_guest=0,usage_user=5.232704402510964 50000000000
  cpu,cpu=cpu3,host=gianarb usage_system=1.9114688128780644,usage_nice=0,usage_iowait=0,usage_guest_nice=0,usage_user=4.225352112677345,usage_idle=92.15291750504086,usage_irq=1.3078470824950963,usage_softirq=0.4024144869215021,usage_steal=0,usage_guest=0 50000000000
  cpu,cpu=cpu2,host=gianarb usage_guest=0,usage_guest_nice=0,usage_user=4.646464646464331,usage_system=2.0202020202021824,usage_nice=0,usage_iowait=0,usage_softirq=0.30303030303026995,usage_idle=92.1212121211883,usage_irq=0.9090909090908099,usage_steal=0 50000000000
  cpu,cpu=cpu1,host=gianarb usage_steal=0,usage_guest=0,usage_guest_nice=0,usage_user=6.432160804022921,usage_idle=89.94974874371933,usage_iowait=0.20100502512564486,usage_softirq=0.4020100502512897,usage_system=2.1105527638193067,usage_nice=0,usage_irq=0.9045226130652948 50000000000
  cpu,cpu=cpu0,host=gianarb usage_guest=0,usage_guest_nice=0,usage_system=2.206619859579557,usage_idle=90.5717151454471,usage_nice=0,usage_irq=1.1033099297897786,usage_steal=0,usage_user=5.717151454361589,usage_iowait=0,usage_softirq=0.40120361083223216 50000000000
  cpu,cpu=cpu-total,host=gianarb usage_iowait=0.12537612838516934,usage_irq=1.02808425275836,usage_softirq=0.37612838515565056,usage_guest=0,usage_user=4.864593781349303,usage_system=2.557673019055687,usage_idle=91.04814443328343,usage_nice=0,usage_steal=0,usage_guest_nice=0 60000000000
  cpu,cpu=cpu3,host=gianarb usage_nice=0,usage_steal=0,usage_guest=0,usage_guest_nice=0,usage_softirq=0.3968253968255333,usage_user=5.853174603177146,usage_system=3.075396825396861,usage_idle=89.28571428573105,usage_iowait=0.19841269841269618,usage_irq=1.190476190476459 60000000000
  cpu,cpu=cpu2,host=gianarb usage_idle=90.45226130652605,usage_iowait=0,usage_irq=1.00502512562801,usage_steal=0,usage_guest=0,usage_guest_nice=0,usage_user=5.527638190956198,usage_system=2.613065326632883,usage_nice=0,usage_softirq=0.4020100502512897 60000000000
  cpu,cpu=cpu1,host=gianarb usage_irq=1.004016064257059,usage_softirq=0.40160642570276656,usage_guest=0,usage_idle=92.06827309236002,usage_nice=0,usage_iowait=0.10040160642569164,usage_steal=0,usage_guest_nice=0,usage_user=3.9156626505969085,usage_system=2.5100401606427902 60000000000
  mem,host=gianarb used_percent=19.80092536373932,dirty=606208i,low_free=0i,low_total=0i,swap_free=8445227008i,total=16528056320i,buffered=989941760i,sunreclaim=92696576i,swap_cached=120016896i,swap_total=8589930496i,vmalloc_chunk=0i,available_percent=72.72972390258651,sreclaimable=449699840i,huge_page_size=2097152i,page_tables=39030784i,vmalloc_total=35184372087808i,vmalloc_used=38621184i,free=4951887872i,cached=7313518592i,mapped=933064704i,write_back=0i,committed_as=12566306816i,high_free=0i,huge_pages_total=0i,available=12020809728i,inactive=3454889984i,commit_limit=16853958656i,huge_pages_free=0i,shared=887414784i,active=7163142144i,slab=542396416i,high_total=0i,write_back_tmp=0i,used=3272708096i,wired=0i 60000000000
  cpu,cpu=cpu0,host=gianarb usage_user=4.233870967743414,usage_idle=92.1370967742039,usage_irq=0.9072580645166096,usage_softirq=0.40322580645131717,usage_steal=0,usage_guest=0,usage_system=2.0161290322588776,usage_nice=0,usage_iowait=0.30241935483870275,usage_guest_nice=0 60000000000
  cpu,cpu=cpu-total,host=gianarb usage_system=2.1646111250960742,usage_nice=0,usage_iowait=0.07550969041027993,usage_softirq=0.4027183488547309,usage_guest=0,usage_guest_nice=0,usage_user=5.008809463876584,usage_irq=1.031965768940087,usage_steal=0,usage_idle=91.31638560282546 70000000000
  cpu,cpu=cpu3,host=gianarb usage_user=5.8116232464903925,usage_system=2.3046092184363167,usage_irq=1.1022044088174183,usage_guest_nice=0,usage_idle=90.28056112219949,usage_nice=0,usage_iowait=0.10020040080162232,usage_softirq=0.4008016032062045,usage_steal=0,usage_guest=0 70000000000
  cpu,cpu=cpu2,host=gianarb usage_idle=91.54929577468191,usage_nice=0,usage_iowait=0.20120724346075106,usage_irq=0.9054325955735942,usage_softirq=0.4024144869215021,usage_guest=0,usage_user=4.8289738430545945,usage_system=2.112676056336385,usage_guest_nice=0,usage_steal=0 70000000000
  cpu,cpu=cpu1,host=gianarb usage_user=4.325955734408353,usage_system=2.2132796780681665,usage_idle=91.95171026157863,usage_nice=0,usage_softirq=0.40241448692149784,usage_steal=0,usage_guest=0,usage_iowait=0.10060362173033871,usage_irq=1.0060362173035302,usage_guest_nice=0 70000000000
  cpu,cpu=cpu0,host=gianarb usage_user=4.964539007090499,usage_nice=0,usage_guest=0,usage_irq=1.114488348531155,usage_softirq=0.40526849037569845,usage_steal=0,usage_guest_nice=0,usage_system=2.0263424518750366,usage_idle=91.48936170212531,usage_iowait=0 70000000000
  mem,host=gianarb total=16528056320i,used_percent=19.80218925101049,shared=887414784i,swap_total=8589930496i,low_free=0i,swap_free=8445227008i,available=12020600832i,slab=542396416i,commit_limit=16853958656i,dirty=131072i,huge_page_size=2097152i,buffered=989958144i,wired=0i,sunreclaim=92696576i,write_back=0i,used=3272916992i,cached=7313534976i,committed_as=12573659136i,high_total=0i,sreclaimable=449699840i,free=4951646208i,vmalloc_total=35184372087808i,active=7163576320i,huge_pages_total=0i,mapped=933154816i,vmalloc_used=38604800i,swap_cached=120016896i,write_back_tmp=0i,inactive=3454906368i,available_percent=72.72846001531533,high_free=0i,low_total=0i,page_tables=38998016i,huge_pages_free=0i,vmalloc_chunk=0i 70000000000
